
> storefront@0.1.0 build
> next build

node.exe : ΓÜá Warning: Next.js inferred 
your workspace root, but it may not be 
correct.
At line:1 char:1
+ & "C:\Program Files\nodejs/node.exe" 
"C:\Program Files\nodejs/node_mo ...
+ ~~~~~~~~~~~~~~~~~~~~~~~~~~~~~~~~~~~~~~~
~~~~~~~~~~~~~~~~~~~~~~~~~~~~~~
    + CategoryInfo          : NotSpecifi 
   ed: (ΓÜá Warning: Ne...not be correc  
  t.:String) [], RemoteException
    + FullyQualifiedErrorId : NativeComm 
   andError
 
 We detected multiple lockfiles and 
selected the directory of 
C:\Users\Anurag Kumar\package-lock.json 
as the root directory.
 To silence this warning, set 
`turbopack.root` in your Next.js config, 
or consider removing one of the 
lockfiles if it's not needed.
   See https://nextjs.org/docs/app/api-re
ference/config/next-config-js/turbopack#r
oot-directory for more information.
 Detected additional lockfiles: 
   * C:\Users\Anurag Kumar\Desktop\Vedhas
hi\Storefront-Vedashi\package-lock.json

Γû▓ Next.js 16.1.6 (Turbopack)
- Environments: .env.local

  Creating an optimized production build ...
Γ£ô Compiled successfully in 19.6s
  Running TypeScript ...
Failed to compile.

./app/[country]/account/[[...tab]]/page.t
sx:3636:48
Type error: Expected 2-3 arguments, but 
got 1.

[0m [90m 3634 |[39m
 [90m 3635 |[39m             {[90m/* 
Password Change Modal */[39m}
[31m[1m>[22m[39m[90m 3636 |[39m    
         {isMounted [33m&&[39m 
showPasswordModal [33m&&[39m 
createPortal(
 [90m      |[39m                       
                         
[31m[1m^[22m[39m
 [90m 3637 |[39m                 
[33m<[39m[33mdiv[39m 
className[33m=[39m[32m"fixed inset-0 
z-[9999] flex items-center 
justify-center p-4"[39m[33m>[39m
 [90m 3638 |[39m                     
[33m<[39m[33mdiv[39m 
className[33m=[39m[32m"absolute 
inset-0 bg-charcoal/40 
backdrop-blur-sm"[39m 
onClick[33m=[39m{() [33m=>[39m setSho
wPasswordModal([36mfalse[39m)}[33m>[3
9m[33m<[39m[33m/[39m[33mdiv[39m[33
m>[39m
 [90m 3639 |[39m                     
[33m<[39m[33mdiv[39m 
className[33m=[39m[32m"relative 
w-full max-w-md bg-white rounded-3xl 
shadow-2xl border border-light-border 
overflow-hidden 
animate-fadeIn"[39m[33m>[39m[0m
Next.js build worker exited with code: 1 
and signal: null
