app/account/[[...tab]]/page.tsx(53,9): error TS2448: Block-scoped variable 'activeTab' used before its declaration.
app/account/[[...tab]]/page.tsx(53,9): error TS2454: Variable 'activeTab' is used before being assigned.
app/account/[[...tab]]/page.tsx(958,69): error TS2339: Property 'stock_status' does not exist on type 'Product'.
app/account/[[...tab]]/page.tsx(958,108): error TS2339: Property 'stock_status' does not exist on type 'Product'.
